initial-predicates: injected (= state16 (bvadd state17 #b00000000000000000000000000000000))
initial-predicates: injected (= state16 state17)
initial-predicates: injected (= state16 (bvadd state17 state18))
initial-predicates: injected (bvule state24 #b0)
initial-predicates: injected (bvule state16 (bvadd state17 #b00000000000000000000000000000000))
initial-predicates: injected (bvule state16 state17)
initial-predicates: injected (bvule state16 (bvadd state17 state18))
initial-predicates: injected (bvuge state24 #b0)
initial-predicates: injected (bvuge state16 (bvadd state17 #b00000000000000000000000000000000))
initial-predicates: injected (bvuge state16 state17)
initial-predicates: injected (bvuge state16 (bvadd state17 state18))
initial-predicates: injected (= state16 #b00000000000000000000000000000000)
initial-predicates: injected (= state16 (bvadd state18 #b00000000000000000000000000000000))
initial-predicates: injected (= state16 state18)
initial-predicates: injected (= state16 (bvadd state17 state20))
initial-predicates: injected (bvule state16 #b00000000000000000000000000000000)
initial-predicates: injected (bvule state16 (bvadd state18 #b00000000000000000000000000000000))
initial-predicates: injected (bvule state16 state18)
initial-predicates: injected (bvule state16 (bvadd state17 state20))
initial-predicates: injected (bvuge state16 #b00000000000000000000000000000000)
initial-predicates: injected (bvuge state16 (bvadd state18 #b00000000000000000000000000000000))
initial-predicates: injected (bvuge state16 state18)
initial-predicates: injected (bvuge state16 (bvadd state17 state20))
initial-predicates: injected (= state17 #b00000000000000000000000000000000)
initial-predicates: injected (= state16 (bvadd state20 #b00000000000000000000000000000000))
initial-predicates: injected (= state16 state20)
initial-predicates: injected (= state16 (bvadd state18 state20))
initial-predicates: injected (bvule state17 #b00000000000000000000000000000000)
initial-predicates: injected (bvule state16 (bvadd state20 #b00000000000000000000000000000000))
initial-predicates: injected (bvule state16 state20)
initial-predicates: injected (bvule state16 (bvadd state18 state20))
initial-predicates: injected (bvuge state17 #b00000000000000000000000000000000)
initial-predicates: injected (bvuge state16 (bvadd state20 #b00000000000000000000000000000000))
initial-predicates: injected (bvuge state16 state20)
initial-predicates: injected (bvuge state16 (bvadd state18 state20))
initial-predicates: injected (= state18 #b00000000000000000000000000000000)
initial-predicates: injected (= state17 (bvadd state16 #b00000000000000000000000000000000))
initial-predicates: injected (= state17 state18)
initial-predicates: injected (= state17 (bvadd state18 state20))
initial-predicates: injected (bvule state18 #b00000000000000000000000000000000)
initial-predicates: injected (bvule state17 (bvadd state16 #b00000000000000000000000000000000))
initial-predicates: injected (bvule state17 state18)
initial-predicates: injected (bvule state17 (bvadd state18 state20))
initial-predicates: injected (bvuge state18 #b00000000000000000000000000000000)
initial-predicates: injected (bvuge state17 (bvadd state16 #b00000000000000000000000000000000))
initial-predicates: injected (bvuge state17 state18)
initial-predicates: injected (bvuge state17 (bvadd state18 state20))
initial-predicates: injected (= state20 #b00000000000000000000000000000000)
initial-predicates: injected (= state17 (bvadd state18 #b00000000000000000000000000000000))
initial-predicates: injected (= state17 state20)
initial-predicates: injected (= state21 (bvadd state22 state23))
initial-predicates: injected (bvule state20 #b00000000000000000000000000000000)
initial-predicates: injected (bvule state17 (bvadd state18 #b00000000000000000000000000000000))
initial-predicates: injected (bvule state17 state20)
initial-predicates: injected (bvule state21 (bvadd state22 state23))
initial-predicates: injected (bvuge state20 #b00000000000000000000000000000000)
initial-predicates: injected (bvuge state17 (bvadd state18 #b00000000000000000000000000000000))
initial-predicates: injected (bvuge state17 state20)
initial-predicates: injected (bvuge state21 (bvadd state22 state23))
initial-predicates: injected (= state21 #b0)
initial-predicates: injected (= state17 (bvadd state20 #b00000000000000000000000000000000))
initial-predicates: injected (= state18 state20)
initial-predicates: injected (= state21 (bvadd state22 state24))
initial-predicates: injected (bvule state21 #b0)
initial-predicates: injected (bvule state17 (bvadd state20 #b00000000000000000000000000000000))
initial-predicates: injected (bvule state18 state20)
initial-predicates: injected (bvule state21 (bvadd state22 state24))
initial-predicates: injected (bvuge state21 #b0)
initial-predicates: injected (bvuge state17 (bvadd state20 #b00000000000000000000000000000000))
initial-predicates: injected (bvuge state18 state20)
initial-predicates: injected (bvuge state21 (bvadd state22 state24))
initial-predicates: injected (= state22 #b0)
initial-predicates: injected (= state18 (bvadd state16 #b00000000000000000000000000000000))
initial-predicates: injected (= state21 state22)
initial-predicates: injected (= state21 (bvadd state23 state24))
initial-predicates: injected (bvule state22 #b0)
initial-predicates: injected (bvule state18 (bvadd state16 #b00000000000000000000000000000000))
initial-predicates: injected (bvule state21 state22)
initial-predicates: injected (bvule state21 (bvadd state23 state24))
initial-predicates: injected (bvuge state22 #b0)
initial-predicates: injected (bvuge state18 (bvadd state16 #b00000000000000000000000000000000))
initial-predicates: injected (bvuge state21 state22)
initial-predicates: injected (bvuge state21 (bvadd state23 state24))
initial-predicates: injected (= state23 #b0)
initial-predicates: injected (= state18 (bvadd state17 #b00000000000000000000000000000000))
initial-predicates: injected (= state21 state23)
initial-predicates: injected (= state22 (bvadd state23 state24))
initial-predicates: injected (bvule state23 #b0)
initial-predicates: injected (bvule state18 (bvadd state17 #b00000000000000000000000000000000))
initial-predicates: injected (bvule state21 state23)
initial-predicates: injected (bvule state22 (bvadd state23 state24))
initial-predicates: injected (bvuge state23 #b0)
initial-predicates: injected (bvuge state18 (bvadd state17 #b00000000000000000000000000000000))
initial-predicates: injected (bvuge state21 state23)
initial-predicates: injected (bvuge state22 (bvadd state23 state24))
initial-predicates: injected (= state16 #b00000000000000000000000000000001)
initial-predicates: injected (= state18 (bvadd state20 #b00000000000000000000000000000000))
initial-predicates: injected (= state21 state24)
initial-predicates: injected (= (bvadd state16 state18) state17)
initial-predicates: injected (bvule state16 #b00000000000000000000000000000001)
initial-predicates: injected (bvule state18 (bvadd state20 #b00000000000000000000000000000000))
initial-predicates: injected (bvule state21 state24)
initial-predicates: injected (bvule (bvadd state16 state18) state17)
initial-predicates: injected (bvuge state16 #b00000000000000000000000000000001)
initial-predicates: injected (bvuge state18 (bvadd state20 #b00000000000000000000000000000000))
initial-predicates: injected (bvuge state21 state24)
initial-predicates: injected (bvuge (bvadd state16 state18) state17)
initial-predicates: injected (= state17 #b00000000000000000000000000000001)
initial-predicates: injected (= state20 (bvadd state16 #b00000000000000000000000000000000))
initial-predicates: injected (= state22 state23)
initial-predicates: injected (= (bvadd state16 state20) state17)
initial-predicates: injected (bvule state17 #b00000000000000000000000000000001)
initial-predicates: injected (bvule state20 (bvadd state16 #b00000000000000000000000000000000))
initial-predicates: injected (bvule state22 state23)
initial-predicates: injected (bvule (bvadd state16 state20) state17)
initial-predicates: injected (bvuge state17 #b00000000000000000000000000000001)
initial-predicates: injected (bvuge state20 (bvadd state16 #b00000000000000000000000000000000))
initial-predicates: injected (bvuge state22 state23)
initial-predicates: injected (bvuge (bvadd state16 state20) state17)
initial-predicates: injected (= state18 #b00000000000000000000000000000001)
initial-predicates: injected (= state20 (bvadd state17 #b00000000000000000000000000000000))
initial-predicates: injected (= state22 state24)
initial-predicates: injected (= (bvadd state16 state20) state18)
initial-predicates: injected (bvule state18 #b00000000000000000000000000000001)
initial-predicates: injected (bvule state20 (bvadd state17 #b00000000000000000000000000000000))
initial-predicates: injected (bvule state22 state24)
initial-predicates: injected (bvule (bvadd state16 state20) state18)
initial-predicates: injected (bvuge state18 #b00000000000000000000000000000001)
initial-predicates: injected (bvuge state20 (bvadd state17 #b00000000000000000000000000000000))
initial-predicates: injected (bvuge state22 state24)
initial-predicates: injected (bvuge (bvadd state16 state20) state18)
initial-predicates: injected (= state20 #b00000000000000000000000000000001)
initial-predicates: injected (= state20 (bvadd state18 #b00000000000000000000000000000000))
initial-predicates: injected (= state23 state24)
initial-predicates: injected (= (bvadd state17 state20) state18)
initial-predicates: injected (bvule state20 #b00000000000000000000000000000001)
initial-predicates: injected (bvule state20 (bvadd state18 #b00000000000000000000000000000000))
initial-predicates: injected (bvule state23 state24)
initial-predicates: injected (bvule (bvadd state17 state20) state18)
initial-predicates: injected (bvuge state20 #b00000000000000000000000000000001)
initial-predicates: injected (bvuge state20 (bvadd state18 #b00000000000000000000000000000000))
initial-predicates: injected (bvuge state23 state24)
initial-predicates: injected (bvuge (bvadd state17 state20) state18)
initial-predicates: injected (= state21 #b1)
initial-predicates: injected (= state21 (bvadd state22 #b0))
initial-predicates: injected (= state16 (bvmul #b00000000000000000000000000000010 state17))
initial-predicates: injected (= (bvadd state21 state23) state22)
initial-predicates: injected (bvule state21 #b1)
initial-predicates: injected (bvule state21 (bvadd state22 #b0))
initial-predicates: injected (bvule state16 (bvmul #b00000000000000000000000000000010 state17))
initial-predicates: injected (bvule (bvadd state21 state23) state22)
initial-predicates: injected (bvuge state21 #b1)
initial-predicates: injected (bvuge state21 (bvadd state22 #b0))
initial-predicates: injected (bvuge state16 (bvmul #b00000000000000000000000000000010 state17))
initial-predicates: injected (bvuge (bvadd state21 state23) state22)
initial-predicates: injected (= state22 #b1)
initial-predicates: injected (= state21 (bvadd state23 #b0))
initial-predicates: injected (= state16 (bvmul #b00000000000000000000000000000010 state18))
initial-predicates: injected (= (bvadd state21 state24) state22)
initial-predicates: injected (bvule state22 #b1)
initial-predicates: injected (bvule state21 (bvadd state23 #b0))
initial-predicates: injected (bvule state16 (bvmul #b00000000000000000000000000000010 state18))
initial-predicates: injected (bvule (bvadd state21 state24) state22)
initial-predicates: injected (bvuge state22 #b1)
initial-predicates: injected (bvuge state21 (bvadd state23 #b0))
initial-predicates: injected (bvuge state16 (bvmul #b00000000000000000000000000000010 state18))
initial-predicates: injected (bvuge (bvadd state21 state24) state22)
initial-predicates: injected (= state23 #b1)
initial-predicates: injected (= state21 (bvadd state24 #b0))
initial-predicates: injected (= state16 (bvmul #b00000000000000000000000000000010 state20))
initial-predicates: injected (= (bvadd state21 state24) state23)
initial-predicates: injected (bvule state23 #b1)
initial-predicates: injected (bvule state21 (bvadd state24 #b0))
initial-predicates: injected (bvule state16 (bvmul #b00000000000000000000000000000010 state20))
initial-predicates: injected (bvule (bvadd state21 state24) state23)
initial-predicates: injected (bvuge state23 #b1)
initial-predicates: injected (bvuge state21 (bvadd state24 #b0))
initial-predicates: injected (bvuge state16 (bvmul #b00000000000000000000000000000010 state20))
initial-predicates: injected (bvuge (bvadd state21 state24) state23)
initial-predicates: injected (= state24 #b1)
initial-predicates: injected (= state22 (bvadd state21 #b0))
initial-predicates: injected (= state17 (bvmul #b00000000000000000000000000000010 state18))
initial-predicates: injected (= (bvadd state22 state24) state23)
initial-predicates: injected (bvule state24 #b1)
initial-predicates: injected (bvule state22 (bvadd state21 #b0))
initial-predicates: injected (bvule state17 (bvmul #b00000000000000000000000000000010 state18))
initial-predicates: injected (bvule (bvadd state22 state24) state23)
initial-predicates: injected (bvuge state24 #b1)
initial-predicates: injected (bvuge state22 (bvadd state21 #b0))
initial-predicates: injected (bvuge state17 (bvmul #b00000000000000000000000000000010 state18))
initial-predicates: injected (bvuge (bvadd state22 state24) state23)
initial-predicates: injected (= state16 #b00000000000000000000000000000010)
initial-predicates: injected (= state22 (bvadd state23 #b0))
initial-predicates: injected (= state17 (bvmul #b00000000000000000000000000000010 state20))
initial-predicates: injected (= (bvadd state16 state17) state18)
initial-predicates: injected (bvule state16 #b00000000000000000000000000000010)
initial-predicates: injected (bvule state22 (bvadd state23 #b0))
initial-predicates: injected (bvule state17 (bvmul #b00000000000000000000000000000010 state20))
initial-predicates: injected (bvule (bvadd state16 state17) state18)
IC3IA: injected 199 external initial predicates
INVAR: (let ((_let0 (= state25 #b0))) (let ((_let1 (bvadd state17 state18))) (let ((_let2 (= state16 #b00000000000000000000000000000000))) (let ((_let3 (not _let2))) (let ((_let4 (bvadd state17 state20))) (let ((_let5 (bvuge state16 (bvadd state18 #b00000000000000000000000000000000)))) (let ((_let6 (not (= state17 #b00000000000000000000000000000000)))) (let ((_let7 (bvadd state20 #b00000000000000000000000000000000))) (let ((_let8 (bvadd state18 state20))) (let ((_let9 (bvuge state16 _let7))) (let ((_let10 (not (= state17 _let8)))) (let ((_let11 (not (bvuge state17 state18)))) (let ((_let12 (= state17 state20))) (let ((_let13 (bvadd state22 state23))) (let ((_let14 (= state21 _let13))) (let ((_let15 (bvule state21 _let13))) (let ((_let16 (bvuge state21 _let13))) (let ((_let17 (= state18 state20))) (let ((_let18 (not _let17))) (let ((_let19 (not (= state21 (bvadd state22 state24))))) (let ((_let20 (bvule state18 state20))) (let ((_let21 (bvuge state18 state20))) (let ((_let22 (not (= state16 #b00000000000000000000000000000001)))) (let ((_let23 (bvadd state16 state18))) (let ((_let24 (not (bvule _let23 state17)))) (let ((_let25 (bvadd state16 state20))) (let ((_let26 (bvule state17 #b00000000000000000000000000000001))) (let ((_let27 (bvuge _let25 state17))) (let ((_let28 (bvule state18 #b00000000000000000000000000000001))) (let ((_let29 (bvuge _let25 state18))) (let ((_let30 (not (bvule _let4 state18)))) (let ((_let31 (bvuge _let4 state18))) (let ((_let32 (bvmul #b00000000000000000000000000000010 state17))) (let ((_let33 (not (= state16 _let32)))) (let ((_let34 (bvule state16 _let32))) (let ((_let35 (bvuge state16 _let32))) (let ((_let36 (bvmul #b00000000000000000000000000000010 state18))) (let ((_let37 (bvmul #b00000000000000000000000000000010 state20))) (let ((_let38 (bvule state16 _let37))) (let ((_let39 (not _let38))) (let ((_let40 (not (= state17 _let36)))) (let ((_let41 (bvule state17 _let36))) (let ((_let42 (bvadd state16 state17))) (let ((_let43 (= _let42 state18))) (let ((_let44 (bvule state17 _let37))) (let ((_let45 (bvule _let42 state18))) (let ((_let46 (or _let0 _let16))) (let ((_let47 (or _let0 _let2))) (let ((_let48 (or _let0 (not (= state16 (bvadd state17 #b00000000000000000000000000000000)))))) (let ((_let49 (or _let0 _let15))) (let ((_let50 (or _let49 (bvuge state17 state20)))) (let ((_let51 (or (or _let0 (bvule state17 _let8)) _let14))) (let ((_let52 (or _let46 _let20))) (let ((_let53 (or _let0 (bvule state17 state18)))) (let ((_let54 (= #b0 ((_ extract 31 31) state18)))) (let ((_let55 (not _let54))) (let ((_let56 (or _let49 _let18))) (let ((_let57 (or _let56 _let22))) (let ((_let58 (or (or (or _let0 _let9) _let10) _let15))) (let ((_let59 (or _let0 _let10))) (let ((_let60 (or (or _let0 _let18) _let19))) (let ((_let61 (or (or _let0 _let11) _let15))) (let ((_let62 (or _let0 (bvule state16 _let1)))) (let ((_let63 (or _let0 _let3))) (let ((_let64 (or _let0 (bvule state17 state20)))) (and (and (and (and (and (and (and (and (and (and (and (and (and (and (and (and (and (and (and (and (and (and (and (and (and (and (and (and (and (and (and (and (and (and (and (and (and (and (and (and (and (and (and (and (and (and (and (and (and (and (and (and (and (and (and (and true (or (or (or _let48 (not (= state16 _let4))) _let16) (not (= state18 #b00000000000000000000000000000001)))) (or (or _let46 (bvule state20 #b00000000000000000000000000000001)) (not (= state16 _let37)))) (or (or (or _let46 (bvuge state17 _let36)) _let44) _let45)) _let50) (or _let52 _let24)) (or _let52 _let55)) _let50) (or (or (or (or _let0 (not _let5)) (= state18 #b00000000000000000000000000000000)) (not _let12)) _let16)) (or (or _let0 (bvule state16 _let7)) _let16)) (or _let46 _let41)) (or (or (or _let48 _let3) (= state20 #b00000000000000000000000000000000)) _let16)) (or _let49 _let21)) (or (or (or _let0 _let17) _let19) (not _let20))) (or (or (or _let59 _let16) _let27) _let33)) (or (or _let57 _let27) _let34)) (or (or _let59 _let15) _let44)) (or (or _let49 _let26) _let40)) (or (or (or _let61 _let30) _let38) (not _let45))) (or (or _let60 _let28) _let40)) _let51) (or _let46 _let21)) (or _let49 _let41)) (or (or (or _let46 _let24) _let28) _let40)) _let51) (or _let58 _let22)) (or _let58 _let34)) (or _let60 _let54)) (or (or _let47 _let16) _let54)) (or _let64 _let15)) (or _let64 _let19)) (or (or _let63 _let12) _let19)) (or (or (or (or _let0 (not _let15)) _let19) _let22) _let43)) (or (or (or _let46 _let22) _let28) _let30)) (or (or _let60 (not (= _let25 state18))) _let31)) (or (or (or _let0 (not (bvuge state16 _let4))) _let9) _let15)) (or (or _let62 _let9) _let15)) (or _let53 _let16)) (or _let46 (bvuge _let23 state17))) (or (or _let57 _let26) _let34)) (or (or _let56 _let30) _let35)) (or (or _let56 _let28) _let30)) (or (or (or (or _let49 (not (bvule _let25 state17))) (not _let29)) _let30) _let35)) (or (or _let49 _let34) _let39)) (or (or _let49 _let27) (bvule _let25 state18))) (or _let61 _let31)) (or (or _let62 _let15) _let39)) (or (or (or (or _let0 (not (bvuge state16 _let1))) _let11) _let15) (bvuge state16 _let36))) (or (or _let60 _let29) _let45)) (or (or (or (or _let63 _let18) _let19) _let28) _let33)) (or _let53 _let19)) (or _let53 _let14)) (or (or _let46 _let43) _let55)) (or (or (or _let0 _let6) _let9) _let19)) (or (or (or _let47 _let5) _let6) _let16)) (or (or (or _let0 _let12) _let14) _let43)) (not (= (bvand (bvand (bvnot state23) (bvand state21 state22)) state25) #b1))))))))))))))))))))))))))))))))))))))))))))))))))))))))))))))))))))
unsat
b0
Command exited with non-zero status 1
WALL=19.00 EXIT=1
