initial-predicates: injected (bvule state16 state17)
initial-predicates: injected (bvule state16 state18)
initial-predicates: injected (bvule state16 state20)
initial-predicates: injected (bvule state17 state16)
initial-predicates: injected (bvule state17 state18)
initial-predicates: injected (bvule state17 state20)
initial-predicates: injected (bvule state18 state16)
initial-predicates: injected (bvule state18 state17)
initial-predicates: injected (bvule state18 state20)
initial-predicates: injected (bvule state20 state16)
initial-predicates: injected (bvule state20 state17)
initial-predicates: injected (bvule state20 state18)
initial-predicates: injected (= (bvadd state17 state18) state16)
initial-predicates: injected (= (bvadd state16 state18) state17)
initial-predicates: injected (= (bvadd state16 state17) state18)
initial-predicates: injected (= (bvadd state17 state20) state16)
IC3IA: injected 16 external initial predicates
INVAR: (let ((_let0 (= state25 #b0))) (let ((_let1 (bvule state18 state20))) (let ((_let2 (= #b0 state21))) (let ((_let3 (not (= #b1 state22)))) (let ((_let4 (or _let0 _let3))) (let ((_let5 (or _let0 (not (bvule state20 state16))))) (let ((_let6 (or _let0 (bvule state17 state20)))) (let ((_let7 (or _let6 _let2))) (let ((_let8 (or _let0 (bvule state20 state18)))) (let ((_let9 (= #b0 ((_ extract 0 0) state20)))) (let ((_let10 (= #b0 ((_ extract 29 29) state20)))) (let ((_let11 (= #b0 ((_ extract 22 22) state20)))) (let ((_let12 (= #b0 ((_ extract 30 30) state16)))) (let ((_let13 (= #b0 ((_ extract 28 28) state16)))) (let ((_let14 (= #b0 ((_ extract 22 22) state16)))) (let ((_let15 (= #b0 ((_ extract 0 0) state16)))) (let ((_let16 (not (= #b0 ((_ extract 29 29) state16))))) (let ((_let17 (not (= #b0 ((_ extract 28 28) state20))))) (let ((_let18 (not _let10))) (let ((_let19 (not (= #b0 ((_ extract 27 27) state20))))) (let ((_let20 (not (= #b0 ((_ extract 26 26) state20))))) (let ((_let21 (not (= #b0 ((_ extract 23 23) state20))))) (let ((_let22 (not (= #b0 ((_ extract 0 0) state17))))) (let ((_let23 (or (or _let0 _let1) _let3))) (let ((_let24 (or _let5 _let3))) (and (and (and (and (and (and (and (and (and (and (and (and (and (and (and (and (and (and (and (and (and true (or _let6 _let3)) _let7) (or (or _let0 (bvule state16 state18)) _let3)) (or _let8 _let2)) (or _let8 _let3)) (or (or _let0 (bvule state20 state17)) _let2)) (or _let23 (= #b1 ((_ extract 31 31) state18)))) (or (or (or _let0 (not _let1)) (= (bvadd state16 state17) state18)) _let3)) (or _let23 (= #b0 ((_ extract 31 31) state20)))) _let7) (or (or (or (or (or _let24 _let18) _let17) _let19) _let20) (= #b0 ((_ extract 27 27) state16)))) (or (or (or (or (or _let24 _let16) (= #b0 ((_ extract 4 4) state16))) _let12) _let10) (not (= #b0 ((_ extract 30 30) state17))))) (or (or (or _let24 (not (= #b0 ((_ extract 30 30) state20)))) _let17) _let13)) (or (or (or (or (or (or _let24 _let21) (not (= #b0 ((_ extract 23 23) state16)))) (not _let14)) (= #b0 ((_ extract 20 20) state16))) _let11) (not (= #b0 ((_ extract 23 23) state17))))) (or (or (or (or (or (or (or (or (or (or _let4 _let18) _let17) _let19) _let20) (not (= #b0 ((_ extract 25 25) state20)))) _let21) (not _let11)) _let14) (= #b0 ((_ extract 24 24) state16))) _let12)) (or (or (or _let4 (not _let15)) _let9) _let22)) (or (or (or _let4 (not _let9)) _let15) _let22)) (or (or (or (or (or _let24 _let17) _let16) (= #b0 ((_ extract 19 19) state16))) _let13) (not (= #b0 ((_ extract 29 29) state17))))) (or (or _let0 (bvule state16 state20)) _let3)) (or (or _let5 (= (bvadd state17 state20) state16)) _let3)) (not (= (bvand (bvand (bvnot state23) (bvand state21 state22)) state25) #b1))))))))))))))))))))))))))))
unsat
b0
Command exited with non-zero status 1
WALL=19.52 EXIT=1
